dataTypes:
  enums:
  - doc: 'An enumeration.


      '
    members:
    - name: v1
      value: '0'
    - name: v2
      value: '1'
    name: SomeEnum
    type: Enum
doc: 'Documentation for library `case_argspec`.


  '
docFormat: markdown
inits: []
keywords:
- args:
  - defaultValue: my:,my:something,*foo,**foo,<rara>
    kind: POSITIONAL_OR_NAMED
    name: arg1
    repr: arg1=my:,my:something,*foo,**foo,<rara>
    required: true
    typedocs: []
    types: []
  doc: ''
  lineno: 42
  name: Arg String Default
  shortdoc: ''
  source: null
  tags: []
- args:
  - defaultValue: null
    kind: POSITIONAL_OR_NAMED
    name: model
    repr: 'model: SomeEnum'
    required: true
    typedocs: []
    types:
    - SomeEnum
  doc: ''
  lineno: 26
  name: Arg With Enum Type
  shortdoc: ''
  source: null
  tags: []
- args:
  - defaultValue: v2
    kind: POSITIONAL_OR_NAMED
    name: model
    repr: 'model: SomeEnum = v2'
    required: true
    typedocs: []
    types:
    - SomeEnum
  doc: ''
  lineno: 30
  name: Arg With Enum Type And Default
  shortdoc: ''
  source: null
  tags: []
- args:
  - defaultValue: null
    kind: POSITIONAL_OR_NAMED
    name: arg1
    repr: arg1
    required: true
    typedocs: []
    types: []
  - defaultValue: null
    kind: NAMED_ONLY
    name: arg2
    repr: arg2
    required: true
    typedocs: []
    types: []
  doc: ''
  lineno: 38
  name: Arg With Positional
  shortdoc: ''
  source: null
  tags: []
- args:
  - defaultValue: null
    kind: POSITIONAL_OR_NAMED
    name: arg1
    repr: arg1
    required: true
    typedocs: []
    types: []
  - defaultValue: '10'
    kind: POSITIONAL_OR_NAMED
    name: arg2
    repr: arg2=10
    required: true
    typedocs: []
    types: []
  - defaultValue: null
    kind: VAR_POSITIONAL
    name: '@arg3'
    repr: '*arg3'
    required: true
    typedocs: []
    types: []
  - defaultValue: null
    kind: VAR_NAMED
    name: '&arg4'
    repr: '**arg4'
    required: true
    typedocs: []
    types: []
  doc: ''
  lineno: 34
  name: Arg With Starargs
  shortdoc: ''
  source: null
  tags: []
- args:
  - defaultValue: null
    kind: POSITIONAL_OR_NAMED
    name: model
    repr: 'model: int'
    required: true
    typedocs: []
    types:
    - int
  doc: 'Some doc in arg_with_type.


    '
  lineno: 20
  name: Arg With Type
  shortdoc: Some doc in arg_with_type.
  source: null
  tags: []
- args:
  - defaultValue: null
    kind: POSITIONAL_OR_NAMED
    name: model
    repr: model
    required: true
    typedocs: []
    types: []
  doc: 'Some doc in simple_arg.


    '
  lineno: 14
  name: Simple Arg
  shortdoc: Some doc in simple_arg.
  source: null
  tags: []
lineno: 1
name: case_argspec
scope: GLOBAL
source: case_argspec.py
specversion: '4'
tags: []
type: LIBRARY
typedocs: []
version: null
